MAP
26,16
g##,g##,g##,g##,g##,g##,g##,g##,g##,g##,g##,g##,g##,g##,g##,g##,g##,g##,g##,g##,g##,g##,g##,g##,g##,g##
g##,g##,g##,g##,g##,g##,g##,g##,g##,g##,g##,c00,g##,g##,g##,g##,g##,g##,g##,g##,g##,g##,g##,g##,g##,g##
g##,g##,g##,g##,g##,g##,g##,g##,g##,g##,g##,g##,g##,g##,g##,g##,g##,g##,g##,g##,g##,g##,g##,g##,g##,g##
g##,g##,g##,g##,g##,g##,g##,g##,g##,g##,g##,g##,g##,g##,g##,g##,g##,g##,g##,g##,g##,g##,g##,g##,g##,g##
g##,g##,g##,g##,g##,g##,g##,g##,g##,g##,g##,g##,g##,g##,g##,g##,g##,g##,g##,g##,g##,g##,g##,g##,g##,g##
g##,g##,g##,g##,g##,g##,g##,g##,g##,g##,g##,g##,g##,g##,g##,g##,g##,g##,g##,g##,g##,g##,g##,g##,g##,g##
g##,g##,g##,g##,g##,g##,g##,g##,g##,g##,g##,g##,g##,g##,g##,g##,g##,g##,g##,g##,g##,g##,g##,g##,g##,g##
g##,g##,g##,g##,g##,g##,g##,g##,g##,g##,g##,g##,g##,g##,g##,g##,c00,g##,g##,g##,g##,g##,g##,g##,g##,g##
g##,g##,g##,g##,g##,g##,g##,g##,g##,g##,g##,g##,g##,g##,g##,g##,g##,g##,g##,g##,g##,g##,g##,g##,g##,g##
g##,g##,g##,g##,g##,g##,g##,c00,g##,g##,g##,b00,b00,g##,g##,g##,g##,g##,g##,g##,g##,g##,g##,c00,g##,g##
b00,b00,b00,b00,g##,g##,g##,g##,g##,g##,b00,b00,b00,b00,g##,g##,g##,g##,g##,b00,g##,g##,g##,g##,g##,g##
w##,w##,w##,w##,b00,b00,b00,w##,w##,w##,w##,w##,w##,w##,w##,w##,g##,w##,b00,b00,g##,g##,g##,g##,g##,g##
w##,w##,w##,w##,w##,w##,w##,w##,w##,w##,w##,w##,w##,w##,w##,w##,w##,w##,w##,w##,b00,b00,b00,b00,g##,w##
w##,w##,w##,w##,w##,w##,w##,w##,w##,w##,w##,w##,w##,w##,w##,w##,w##,w##,w##,w##,w##,w##,w##,w##,w##,w##
w##,w##,w##,w##,w##,w##,w##,w##,w##,w##,w##,w##,w##,w##,w##,w##,w##,w##,w##,w##,w##,w##,w##,w##,w##,w##
w##,w##,w##,w##,w##,w##,w##,w##,w##,w##,w##,w##,w##,w##,w##,w##,w##,w##,w##,w##,w##,w##,w##,w##,w##,w##
UNITS
3
11, 4, 2, G
16, 7, 0, G
7,9,5,A
ROADS
4
7,9-11,4
16,7-11,4
11,4-11,1
23,9-16,7